I'm sorry, but errors were detected in your script. Please correct the
errors listed below, and try again.


File "game/script.rpy", line 172: expected 'label_name' not found.
    jump
        ^

Ren'Py Version: Ren'Py 8.2.1.24030407
Sat Mar 15 21:45:56 2025
